


服务器预算中希望有个文件夹有10T，但是手上只有两块5T的磁盘，怎么办呢，能不能把两块5T的磁盘同时挂载到同一个文件夹呢？答案当然是可以的；  


> 要求将两块20G的磁盘sdb，sdc，同时挂载到目录mydata下，是的目录mydata的存储空间为40G；


```shell
# 这里也采用GPT的分区方法，使用parted指令
[root@node3 hadoop]# parted /dev/sdb
GNU Parted 3.1
使用 /dev/sdb
Welcome to GNU Parted! Type 'help' to view a list of commands.

# 将磁盘转换成gpt
(parted) mklabel gpt

#这里反正要合并，就设置一个主分区包含整个磁盘
(parted) mkpart primary 0 100%
警告: The resulting partition is not properly aligned for best performance.
忽略/Ignore/放弃/Cancel? Ignore
(parted) p
Model: VMware, VMware Virtual S (scsi)
Disk /dev/sdb: 21.5GB
Sector size (logical/physical): 512B/512B
Partition Table: gpt
Disk Flags:

Number  Start   End     Size    File system  Name     标志
 1      17.4kB  21.5GB  21.5GB               primary

# 同理对磁盘/dev/sbc进行相同的操作
[root@node3 hadoop]# parted /dev/sdc
GNU Parted 3.1
使用 /dev/sdc
Welcome to GNU Parted! Type 'help' to view a list of commands.
(parted) mklabel gpt
(parted) mkpart primart 0 100%
警告: The resulting partition is not properly aligned for best performance.
忽略/Ignore/放弃/Cancel? I
(parted) p
Model: VMware, VMware Virtual S (scsi)
Disk /dev/sdc: 21.5GB
Sector size (logical/physical): 512B/512B
Partition Table: gpt
Disk Flags:

Number  Start   End     Size    File system  Name     标志
 1      17.4kB  21.5GB  21.5GB               primart

(parted) quit
信息: You may need to update /etc/fstab.

# 得到目前的磁盘分布如下

[root@node3 hadoop]# lsblk
NAME            MAJ:MIN RM  SIZE RO TYPE MOUNTPOINT
sda               8:0    0   60G  0 disk
├─sda1            8:1    0    1G  0 part /boot
└─sda2            8:2    0   59G  0 part
  ├─centos-root 253:0    0 38.3G  0 lvm  /
  ├─centos-swap 253:1    0    2G  0 lvm  [SWAP]
  └─centos-home 253:2    0 18.7G  0 lvm  /home
sdb               8:16   0   20G  0 disk
└─sdb1            8:17   0   20G  0 part
sdc               8:32   0   20G  0 disk
└─sdc1            8:33   0   20G  0 part
sdd               8:48   0   20G  0 disk
sr0              11:0    1  4.4G  0 rom

# 创建物理卷的命令为pvcreate；利用该命令将希望添加到卷组的所有分区或磁盘创建为物理卷；
[root@node3 hadoop]# pvcreate /dev/sdb1
  Physical volume "/dev/sdb1" successfully created.
  
# 将分区/dev/sdb1和/dev/sdc1分区创建为物理卷： 
[root@node3 hadoop]# pvcreate /dev/sdc1
  Physical volume "/dev/sdc1" successfully created.


#创建卷组的命令为vgcreate；用此命令将使用pvcreate建立的物理卷创建为一个完整的卷组；
#将物理卷/dev/sdb1创建为一个名为vgmysql的卷组：
[root@node3 hadoop]# vgcreate vgmygroup1 /dev/sdb1
  Volume group "vgmygroup1" successfully created

#此步即为将2块磁盘空间合二为一的关键步骤；当系统中新增了磁盘或新建了物理卷，而要将其添加到已有卷组时，就可使用vgextend命令；
# 将物理卷/dev/sdc1添加到vgmysql卷组中：
  
[root@node3 hadoop]# vgextend vgmygroup1 /dev/sdc1
  Volume group "vgmygroup1" successfully extended

# 查看卷组用vgs，从vgs命令的回显结果来看，卷组vgmysql成功添加
# 并且其总空间为两块物理磁盘的总大小（因换算单位不同，所以不是精确的40G）。
[root@node3 hadoop]# vgs
  VG         #PV #LV #SN Attr   VSize   VFree
  centos       1   3   0 wz--n- <59.00g  4.00m
  vgmygroup1   2   0   0 wz--n-  39.99g 39.99g

# 创建逻辑卷的命令为lvcreate；用此命令将在使用vgcreate建立的卷组上创建逻辑卷；
# 在卷组vgmysql上创建一个名为lvmysql的逻辑卷，起大小为 39.99G；
# -n：指定逻辑卷名
# -L：指定逻辑卷大小
[root@node3 hadoop]# lvcreate -L 39.99g -n lvmygroup vgmygroup1
  Rounding up size to full physical extent 39.99 GiB
  Logical volume "lvmygroup" created.

# 将创建的lvmysql逻辑卷格式化为xfs
[root@node3 hadoop]# mkfs -t xfs /dev/vgmygroup1/lvmygroup
meta-data=/dev/vgmygroup1/lvmygroup isize=512    agcount=4, agsize=2620928 blks
         =                       sectsz=512   attr=2, projid32bit=1
         =                       crc=1        finobt=0, sparse=0
data     =                       bsize=4096   blocks=10483712, imaxpct=25
         =                       sunit=0      swidth=0 blks
naming   =version 2              bsize=4096   ascii-ci=0 ftype=1
log      =internal log           bsize=4096   blocks=5119, version=2
         =                       sectsz=512   sunit=0 blks, lazy-count=1
realtime =none                   extsz=4096   blocks=0, rtextents=0

# 切换到根目录，在根目录下新建文件夹
[root@node3 hadoop]# cd /
[root@node3 /]# mkdir mydata

# 挂载刚刚的逻辑组到新建目录下
[root@node3 /]# mount /dev/vgmygroup1/lvmygroup /mydata/

# 查看磁盘大小和挂载磁盘查看，目录为40G
[root@node3 /]# df -h
文件系统                          容量  已用  可用 已用% 挂载点
devtmpfs                          475M     0  475M    0% /dev
tmpfs                             487M     0  487M    0% /dev/shm
tmpfs                             487M  7.8M  479M    2% /run
tmpfs                             487M     0  487M    0% /sys/fs/cgroup
/dev/mapper/centos-root            39G  4.3G   35G   12% /
/dev/sda1                        1014M  137M  878M   14% /boot
/dev/mapper/centos-home            19G   33M   19G    1% /home
tmpfs                              98M     0   98M    0% /run/user/2000
tmpfs                              98M     0   98M    0% /run/user/0
/dev/mapper/vgmygroup1-lvmygroup   40G   33M   40G    1% /mydata

# 创建开机自动挂载
[root@node3 /]# echo /dev/mapper/vgmygroup1-lvmygroup /mydata/ xfs defaults 0 0 >> /etc/fstab

# 重启重新查看挂载的磁盘，确认成功自动开机挂载
[root@node3 ~]# sync
[root@node3 ~]# reboot

# 使用df -h指令再次查看，发现完成自动挂载
[root@node3 ~]# df -h
文件系统                          容量  已用  可用 已用% 挂载点
devtmpfs                          475M     0  475M    0% /dev
tmpfs                             487M     0  487M    0% /dev/shm
tmpfs                             487M  7.8M  479M    2% /run
tmpfs                             487M     0  487M    0% /sys/fs/cgroup
/dev/mapper/centos-root            39G  4.3G   35G   12% /
/dev/mapper/vgmygroup1-lvmygroup   40G   33M   40G    1% /mydata
tmpfs                              98M     0   98M    0% /run/user/0
                         98M     0   98M    0% /run/user/2000

```
